[     389ms] [INFO] %cDownload the React DevTools for a better development experience: https://react.dev/link/react-devtools font-weight:bold @ http://localhost:3000/_next/static/chunks/node_modules_next_dist_1ybzpk2._.js:2477
[     446ms] [LOG] [HMR] connected @ http://localhost:3000/_next/static/chunks/node_modules_next_dist_1ybzpk2._.js:2477
[     683ms] [WARNING] Image with src "/ikoner/dandelion_shadow.png" has either width or height modified, but not the other. If you use CSS to change the size of your image, also include the styles 'width: "auto"' or 'height: "auto"' to maintain the aspect ratio. @ http://localhost:3000/_next/static/chunks/node_modules_next_dist_1ybzpk2._.js:2477
[     726ms] [WARNING] Image with src "/pictures/fiken.png" has "fill" but is missing "sizes" prop. Please add it to improve page performance. Read more: https://nextjs.org/docs/api-reference/next/image#sizes @ http://localhost:3000/_next/static/chunks/node_modules_next_dist_1ybzpk2._.js:2477
[    1508ms] [WARNING] Image with src "/ikoner/tommelopp3.png" has either width or height modified, but not the other. If you use CSS to change the size of your image, also include the styles 'width: "auto"' or 'height: "auto"' to maintain the aspect ratio. @ http://localhost:3000/_next/static/chunks/node_modules_next_dist_1ybzpk2._.js:2477
[    1509ms] [WARNING] Image with src "/ikoner/tommelned4.png" has either width or height modified, but not the other. If you use CSS to change the size of your image, also include the styles 'width: "auto"' or 'height: "auto"' to maintain the aspect ratio. @ http://localhost:3000/_next/static/chunks/node_modules_next_dist_1ybzpk2._.js:2477
[   14319ms] [LOG] [Fast Refresh] rebuilding @ http://localhost:3000/_next/static/chunks/node_modules_next_dist_1ybzpk2._.js:2477
[   15392ms] [LOG] [Fast Refresh] done in 1177ms @ http://localhost:3000/_next/static/chunks/node_modules_next_dist_1ybzpk2._.js:2477
[  237741ms] [LOG] [Fast Refresh] rebuilding @ http://localhost:3000/_next/static/chunks/node_modules_next_dist_1ybzpk2._.js:2477
[  238637ms] [LOG] [Fast Refresh] done in 997ms @ http://localhost:3000/_next/static/chunks/node_modules_next_dist_1ybzpk2._.js:2477
[  238793ms] [LOG] [Fast Refresh] rebuilding @ http://localhost:3000/_next/static/chunks/node_modules_next_dist_1ybzpk2._.js:2477
[  238829ms] [LOG] [Fast Refresh] done in 139ms @ http://localhost:3000/_next/static/chunks/node_modules_next_dist_1ybzpk2._.js:2477
[107630516ms] [LOG] [HMR] connected @ http://localhost:3000/_next/static/chunks/node_modules_next_dist_1ybzpk2._.js:2477
[107630734ms] [ERROR] Failed to load resource: the server responded with a status of 400 () @ https://firestore.googleapis.com/google.firestore.v1.Firestore/Listen/channel?gsessionid=AdKRFkMVMm1vn8mpspwvuBg0OH32sj09DileQvXuuRuWgNB0t1-b_A&VER=8&database=projects%2Fraadbanken-app%2Fdatabases%2F(default)&RID=rpc&SID=nM6FDnc1mEplZAIjj0hHsg&AID=76&CI=0&TYPE=xmlhttp&zx=iemy62wetwim&t=2:0
[107630740ms] [WARNING] [2026-08-11T22:43:04.079Z]  @firebase/firestore: Firestore (12.15.0): WebChannelConnection RPC 'Listen' stream 0x3237eac6 transport errored. Name: undefined Message: undefined @ http://localhost:3000/_next/static/chunks/node_modules_next_dist_1ybzpk2._.js:2477
[111260395ms] [LOG] [HMR] connected @ http://localhost:3000/_next/static/chunks/node_modules_next_dist_1ybzpk2._.js:2477
[111260606ms] [ERROR] Failed to load resource: the server responded with a status of 400 () @ https://firestore.googleapis.com/google.firestore.v1.Firestore/Listen/channel?gsessionid=Swi3REXUhX3zmgqEE_QWZl4v8rKh8lBQyD8tXXPd9RY5CB6aWbdAWg&VER=8&database=projects%2Fraadbanken-app%2Fdatabases%2F(default)&RID=rpc&SID=cIR7zYqsEh2jpnEYwCSjjA&AID=7&CI=0&TYPE=xmlhttp&zx=clb9pgaopscw&t=2:0
[111260608ms] [WARNING] [2026-08-11T23:43:33.948Z]  @firebase/firestore: Firestore (12.15.0): WebChannelConnection RPC 'Listen' stream 0x3237eac7 transport errored. Name: undefined Message: undefined @ http://localhost:3000/_next/static/chunks/node_modules_next_dist_1ybzpk2._.js:2477
[116761212ms] [LOG] [HMR] connected @ http://localhost:3000/_next/static/chunks/node_modules_next_dist_1ybzpk2._.js:2477
[116761845ms] [ERROR] Failed to load resource: the server responded with a status of 400 () @ https://firestore.googleapis.com/google.firestore.v1.Firestore/Listen/channel?gsessionid=s0GR2xOeTvadEtX4XJ5Wn0BKCMlwJiML918xgZPOj_xO4u98eBS0-g&VER=8&database=projects%2Fraadbanken-app%2Fdatabases%2F(default)&RID=rpc&SID=6L6CD0xZBBE_1nzCd9SnIg&AID=8&CI=0&TYPE=xmlhttp&zx=qihqpmwgovxn&t=2:0
[116761869ms] [WARNING] [2026-08-12T01:15:15.209Z]  @firebase/firestore: Firestore (12.15.0): WebChannelConnection RPC 'Listen' stream 0x3237eac8 transport errored. Name: undefined Message: undefined @ http://localhost:3000/_next/static/chunks/node_modules_next_dist_1ybzpk2._.js:2477
[120394881ms] [ERROR] WebSocket connection to 'ws://localhost:3000/_next/webpack-hmr?id=N8VfEk5eqpECxZTXHLEr5' failed: Error in connection establishment: net::ERR_NETWORK_IO_SUSPENDED @ http://localhost:3000/_next/static/chunks/node_modules_next_dist_client_0r5nbpw._.js:13422
[120394909ms] [ERROR] Failed to load resource: net::ERR_NETWORK_IO_SUSPENDED @ https://firestore.googleapis.com/google.firestore.v1.Firestore/Listen/channel?gsessionid=CGDI717uvycfJU7EM9vmo0fkwffwJVDGtyHFF_JbewzUO-PgoBGK6w&VER=8&database=projects%2Fraadbanken-app%2Fdatabases%2F(default)&RID=rpc&SID=DjbJSMkZ-0vnAm46cRk7PQ&AID=7&CI=0&TYPE=xmlhttp&zx=2dyafctdc8xd&t=2:0
[120395788ms] [ERROR] Failed to load resource: the server responded with a status of 400 () @ https://firestore.googleapis.com/google.firestore.v1.Firestore/Listen/channel?VER=8&database=projects%2Fraadbanken-app%2Fdatabases%2F(default)&gsessionid=CGDI717uvycfJU7EM9vmo0fkwffwJVDGtyHFF_JbewzUO-PgoBGK6w&SID=DjbJSMkZ-0vnAm46cRk7PQ&RID=62830&TYPE=terminate&zx=ndc6cwm4o9ya:0
[120395894ms] [LOG] [HMR] connected @ http://localhost:3000/_next/static/chunks/node_modules_next_dist_1ybzpk2._.js:2477
[120997568ms] [LOG] [HMR] connected @ http://localhost:3000/_next/static/chunks/node_modules_next_dist_1ybzpk2._.js:2477
[121065831ms] [LOG] [HMR] connected @ http://localhost:3000/_next/static/chunks/node_modules_next_dist_1ybzpk2._.js:2477
[124886717ms] [LOG] [HMR] connected @ http://localhost:3000/_next/static/chunks/node_modules_next_dist_1ybzpk2._.js:2477
[124886966ms] [ERROR] Failed to load resource: the server responded with a status of 400 () @ https://firestore.googleapis.com/google.firestore.v1.Firestore/Listen/channel?gsessionid=x2wx0_7XngX0QILzGEOOL0qkO-OUU8pzKgI88YGg3Gx5dnhSmZHwhw&VER=8&database=projects%2Fraadbanken-app%2Fdatabases%2F(default)&RID=rpc&SID=SSBcseS9SIvEPSVK0aVeSA&AID=50&CI=0&TYPE=xmlhttp&zx=64c4ut7mln6t&t=2:0
[124886968ms] [WARNING] [2026-08-12T03:30:40.308Z]  @firebase/firestore: Firestore (12.15.0): WebChannelConnection RPC 'Listen' stream 0x3237eacb transport errored. Name: undefined Message: undefined @ http://localhost:3000/_next/static/chunks/node_modules_next_dist_1ybzpk2._.js:2477
[126202334ms] [LOG] [HMR] connected @ http://localhost:3000/_next/static/chunks/node_modules_next_dist_1ybzpk2._.js:2477
[126202525ms] [ERROR] Failed to load resource: the server responded with a status of 400 () @ https://firestore.googleapis.com/google.firestore.v1.Firestore/Listen/channel?gsessionid=wSDCSeoW-TxsX8737R1xJGPRmrCN0-q7id1mB3Uy6ClZuteGQ2iG6A&VER=8&database=projects%2Fraadbanken-app%2Fdatabases%2F(default)&RID=rpc&SID=f9vg4vXYesSrBd_tjM8k7w&AID=51&CI=0&TYPE=xmlhttp&zx=vg6l8uy7hrk&t=2:0
[126202526ms] [WARNING] [2026-08-12T03:52:35.866Z]  @firebase/firestore: Firestore (12.15.0): WebChannelConnection RPC 'Listen' stream 0x3237eacd transport errored. Name: undefined Message: undefined @ http://localhost:3000/_next/static/chunks/node_modules_next_dist_1ybzpk2._.js:2477
[126233779ms] [LOG] [HMR] connected @ http://localhost:3000/_next/static/chunks/node_modules_next_dist_1ybzpk2._.js:2477
[126248063ms] [LOG] [HMR] connected @ http://localhost:3000/_next/static/chunks/node_modules_next_dist_1ybzpk2._.js:2477
[126476915ms] [LOG] [HMR] connected @ http://localhost:3000/_next/static/chunks/node_modules_next_dist_1ybzpk2._.js:2477
